#-----------------------------------------------------------
# xsim v2025.2 (64-bit)
# SW Build 6299465 on Fri Nov 14 12:34:56 MST 2025
# IP Build 6300035 on Fri Nov 14 10:48:45 MST 2025
# SharedData Build 6298862 on Thu Nov 13 04:50:51 MST 2025
# Start of session at: Tue Apr 14 20:30:26 2026
# Process ID         : 5526
# Current directory  : /media/ubuntu/hard/Custom_IP/RISCV/ALU/xsim_build
# Command line       : xsim -log xsim_run.log -mode tcl -source {xsim.dir/tb_ALU_snap/xsim_script.tcl}
# Log file           : /media/ubuntu/hard/Custom_IP/RISCV/ALU/xsim_build/xsim_run.log
# Journal file       : /media/ubuntu/hard/Custom_IP/RISCV/ALU/xsim_build/xsim.jou
# Running On         : ubuntu-syc
# Platform           : Ubuntu
# Operating System   : Ubuntu 22.04.5 LTS
# Processor Detail   : Intel(R) Core(TM) i5-7300HQ CPU @ 2.50GHz
# CPU Frequency      : 3293.978 MHz
# CPU Physical cores : 4
# CPU Logical cores  : 4
# Host memory        : 16647 MB
# Swap memory        : 2147 MB
# Total Virtual      : 18795 MB
# Available Virtual  : 15184 MB
#-----------------------------------------------------------
source xsim.dir/tb_ALU_snap/xsim_script.tcl
run -all
